C:/Users/montanab/STM32CubeIDE/EP12/Core/Src/main.c:63:5:__io_putchar	16	static
C:/Users/montanab/STM32CubeIDE/EP12/Core/Src/main.c:69:9:CalculateTemp	24	static
C:/Users/montanab/STM32CubeIDE/EP12/Core/Src/main.c:82:5:main	8	static
C:/Users/montanab/STM32CubeIDE/EP12/Core/Src/main.c:141:6:SystemClock_Config	88	static
C:/Users/montanab/STM32CubeIDE/EP12/Core/Src/main.c:184:6:HAL_ADC_ConvCpltCallback	24	static
C:/Users/montanab/STM32CubeIDE/EP12/Core/Src/main.c:193:6:HAL_TIM_PeriodElapsedCallback	16	static
C:/Users/montanab/STM32CubeIDE/EP12/Core/Src/main.c:209:6:Error_Handler	8	static,ignoring_inline_asm
